// Jest Snapshot v1, https://goo.gl/fbAQLP

exports[`matches snapshot 1`] = `
<DocumentFragment>
  <div>
    <h1>
      New Todo Form
    </h1>
    <form>
      <input
        placeholder="Enter a new todo"
        type="text"
        value=""
      />
      <button
        type="submit"
      >
        Add
      </button>
    </form>
    <div />
  </div>
</DocumentFragment>
`;
